[ANALYSIS ENGINE] Initialized with model: 'deepseek-r1'
[ANALYSIS ENGINE] Base URL: https://ollama.com
[ANALYSIS ENGINE] API Key: f95f4... (authenticated)
Testing AnalysisEngine directly...
Model: deepseek-r1
Base URL: https://ollama.com
API Key present: True

Running deep analysis...
[ANALYSIS ENGINE] Starting analysis for session: test_session
[ANALYSIS ENGINE] Message count: 3
[ANALYSIS ENGINE] Calling Ollama model: deepseek-r1
[ANALYSIS ENGINE] Using API key authentication
[ANALYSIS ENGINE] Error calling Ollama: model 'deepseek-r1' not found
[ANALYSIS ENGINE] Using fallback analysis

Result:
{
  "summary": "Analiza niedostŕpna - u┐ywam podstawowego profilu.",
  "psychometrics": {
    "disc_type": "I",
    "disc_confidence": 50,
    "main_motivation": "Gain",
    "communication_style": "Neutralny",
    "emotional_state": "Zainteresowany"
  },
  "sales_metrics": {
    "purchase_probability": 50,
    "sales_temperature": "Warm",
    "objections": [
      "Brak szczegˇ│owych danych"
    ],
    "buying_signals": [],
    "pain_points": []
  },
  "next_move": {
    "strategic_advice": "Kontynuuj rozmowŕ, zbieraj wiŕcej informacji",
    "recommended_tactic": "SPIN",
    "key_phrase": "Powiedz mi wiŕcej o..."
  },
  "journey_stage": {
    "current_stage": "DISCOVERY",
    "confidence": 50,
    "reasoning": "Domyťlny etap"
  }
}
